[     443ms] [INFO] %cDownload the React DevTools for a better development experience: https://react.dev/link/react-devtools font-weight:bold @ http://localhost:3000/_next/static/chunks/node_modules_next_dist_115brz8._.js:2477
[     510ms] [LOG] [HMR] connected @ http://localhost:3000/_next/static/chunks/node_modules_next_dist_115brz8._.js:2477
[     639ms] [LOG] [Fast Refresh] rebuilding @ http://localhost:3000/_next/static/chunks/node_modules_next_dist_115brz8._.js:2477
[     728ms] [LOG] [Fast Refresh] done in 200ms @ http://localhost:3000/_next/static/chunks/node_modules_next_dist_115brz8._.js:2477
[     912ms] [LOG] [Fast Refresh] rebuilding @ http://localhost:3000/_next/static/chunks/node_modules_next_dist_115brz8._.js:2477
[     997ms] [LOG] [Fast Refresh] done in 187ms @ http://localhost:3000/_next/static/chunks/node_modules_next_dist_115brz8._.js:2477
[    6661ms] [INFO] %cDownload the React DevTools for a better development experience: https://react.dev/link/react-devtools font-weight:bold @ http://localhost:3000/_next/static/chunks/node_modules_next_dist_115brz8._.js:2477
[    6683ms] [LOG] [HMR] connected @ http://localhost:3000/_next/static/chunks/node_modules_next_dist_115brz8._.js:2477
[    9635ms] [INFO] %cDownload the React DevTools for a better development experience: https://react.dev/link/react-devtools font-weight:bold @ http://localhost:3000/_next/static/chunks/node_modules_next_dist_115brz8._.js:2477
[    9656ms] [LOG] [HMR] connected @ http://localhost:3000/_next/static/chunks/node_modules_next_dist_115brz8._.js:2477
[    9779ms] [LOG] [Fast Refresh] rebuilding @ http://localhost:3000/_next/static/chunks/node_modules_next_dist_115brz8._.js:2477
[    9781ms] [LOG] [Fast Refresh] done in 103ms @ http://localhost:3000/_next/static/chunks/node_modules_next_dist_115brz8._.js:2477
[   13064ms] [INFO] %cDownload the React DevTools for a better development experience: https://react.dev/link/react-devtools font-weight:bold @ http://localhost:3000/_next/static/chunks/node_modules_next_dist_115brz8._.js:2477
[   13088ms] [LOG] [HMR] connected @ http://localhost:3000/_next/static/chunks/node_modules_next_dist_115brz8._.js:2477
[   13153ms] [WARNING] You have Reduced Motion enabled on your device. Animations may not appear as expected.. For more information and steps for solving, visit https://motion.dev/troubleshooting/reduced-motion-disabled @ http://localhost:3000/_next/static/chunks/node_modules_next_dist_115brz8._.js:2477
[   13173ms] [ERROR] A tree hydrated but some attributes of the server rendered HTML didn't match the client properties. This won't be patched up. This can happen if a SSR-ed Client Component used:

- A server/client branch `if (typeof window !== 'undefined')`.
- Variable input such as `Date.now()` or `Math.random()` which changes each time it's called.
- Date formatting in a user's locale which doesn't match the server.
- External changing data without sending a snapshot of it along with the HTML.
- Invalid HTML tag nesting.

It can also happen if the client has a browser extension installed which messes with the HTML before React loaded.

%s%s https://react.dev/link/hydration-mismatch 

  ...
    <RedirectErrorBoundary router={{...}}>
      <InnerLayoutRouter url="/sobre" tree={[...]} params={{}} cacheNode={{rsc:{...}, ...}} segmentPath={[...]} ...>
        <SegmentViewNode type="page" pagePath="(main)/sob...">
          <SegmentTrieNode>
          <SobrePage>
            <div className="bg-night m...">
              <PageHero>
                <section className="bg-night p...">
                  <div className="relative o...">
                    <div>
                    <div>
                    <div>
                    <div>
                    <div>
                    <div className="relative m...">
                      <div>
                        <p>
                        <h1 className="font-displ...">
                          <WordsPullUp text="Sobre a Bl...">
                            <div ref={{current:null}} className="inline-fle..." style={undefined}>
                              <motion.span initial={false} animate={{}} transition={{duration:0.6, ...}} ...>
                                <span
                                  className="relative inline-block"
                                  style={{
+                                   marginRight: "0.25em"
-                                   margin-right: "0.25em"
-                                   opacity: "0"
-                                   transform: "translateY(20px)"
                                  }}
                                  ref={function useMotionRef.useCallback}
                                >
+                                 Sobre
                              <motion.span initial={false} animate={{}} transition={{duration:0.6, ...}} ...>
                                <span
                                  className="relative inline-block"
                                  style={{
+                                   marginRight: "0.25em"
-                                   margin-right: "0.25em"
-                                   opacity: "0"
-                                   transform: "translateY(20px)"
                                  }}
                                  ref={function useMotionRef.useCallback}
                                >
+                                 a
                              <motion.span initial={false} animate={{}} transition={{duration:0.6, ...}} ...>
                                <span
                                  className="relative inline-block"
                                  style={{
+                                   marginRight: 0
-                                   margin-right: "0px"
-                                   opacity: "0"
-                                   transform: "translateY(20px)"
                                  }}
                                  ref={function useMotionRef.useCallback}
                                >
+                                 Blueview
                        ...
                      ...
              ...
        ...
      ...
 @ http://localhost:3000/_next/static/chunks/node_modules_next_dist_115brz8._.js:3318
[   13366ms] [LOG] [Fast Refresh] rebuilding @ http://localhost:3000/_next/static/chunks/node_modules_next_dist_115brz8._.js:2477
[   13642ms] [LOG] [Fast Refresh] done in 377ms @ http://localhost:3000/_next/static/chunks/node_modules_next_dist_115brz8._.js:2477
[   14923ms] [INFO] %cDownload the React DevTools for a better development experience: https://react.dev/link/react-devtools font-weight:bold @ http://localhost:3000/_next/static/chunks/node_modules_next_dist_115brz8._.js:2477
[   14936ms] [LOG] [HMR] connected @ http://localhost:3000/_next/static/chunks/node_modules_next_dist_115brz8._.js:2477
[   14971ms] [WARNING] You have Reduced Motion enabled on your device. Animations may not appear as expected.. For more information and steps for solving, visit https://motion.dev/troubleshooting/reduced-motion-disabled @ http://localhost:3000/_next/static/chunks/node_modules_next_dist_115brz8._.js:2477
[   15042ms] [ERROR] A tree hydrated but some attributes of the server rendered HTML didn't match the client properties. This won't be patched up. This can happen if a SSR-ed Client Component used:

- A server/client branch `if (typeof window !== 'undefined')`.
- Variable input such as `Date.now()` or `Math.random()` which changes each time it's called.
- Date formatting in a user's locale which doesn't match the server.
- External changing data without sending a snapshot of it along with the HTML.
- Invalid HTML tag nesting.

It can also happen if the client has a browser extension installed which messes with the HTML before React loaded.

%s%s https://react.dev/link/hydration-mismatch 

  ...
    <SegmentViewNode type="page" pagePath="(main)/pag...">
      <SegmentTrieNode>
      <HomePage>
        <div className="bg-night t...">
          <PrismaHero title="Blueview" eyebrow="[ Blueview..." description="Viva com v..." ctaLabel="Ver imóveis" ...>
            <section className="h-[100svh]...">
              <div className="relative h...">
                <video>
                <div>
                <div>
                <div>
                <LinkComponent>
                <nav>
                <div className="absolute b...">
                  <div className="grid grid-...">
                    <div className="col-span-1...">
                      <h1 className="font-displ...">
                        <WordsPullUp text="Blueview">
                          <div ref={{current:null}} className="inline-fle..." style={undefined}>
                            <motion.span initial={false} animate={{}} transition={{duration:0.6, ...}} ...>
                              <span
                                className="relative inline-block"
                                style={{
+                                 marginRight: 0
-                                 margin-right: "0px"
-                                 opacity: "0"
-                                 transform: "translateY(20px)"
                                }}
                                ref={function useMotionRef.useCallback}
                              >
+                               Blueview
                    ...
          <section className="relative o...">
            <div>
            <div>
            <div>
            <AnimatedSection animation="fade-up">
              <div ref={{current:null}} className={"transiti..."}>
                <div className="relative m...">
                  <div>
                  <SearchBar>
                    <form role="search" className="w-full" onSubmit={function onSubmit}>
                      <BeamSearch value="" onValueChange={function bound dispatchSetState} ...>
                        <div ref={{current:null}} className="relative w...">
                          <div className="group/sear...">
                            <Search>
                            <input>
                            <span>
                            <kbd>
                            <motion.div aria-hidden={true} className="pointer-ev..." initial={{left:"50%", ...}} ...>
                              <div
                                aria-hidden={true}
                                className="pointer-events-none absolute bottom-0 h-full w-40 -translate-x-1/2"
+                               style={{left:"50%",opacity:0}}
-                               style={{left:"8%",opacity:"0"}}
                                ref={function useMotionRef.useCallback}
                              >
                            ...
                          ...
                      ...
          ...
    ...
 @ http://localhost:3000/_next/static/chunks/node_modules_next_dist_115brz8._.js:3318
[   17824ms] [INFO] %cDownload the React DevTools for a better development experience: https://react.dev/link/react-devtools font-weight:bold @ http://localhost:3000/_next/static/chunks/node_modules_next_dist_115brz8._.js:2477
[   17845ms] [LOG] [HMR] connected @ http://localhost:3000/_next/static/chunks/node_modules_next_dist_115brz8._.js:2477
[   17883ms] [WARNING] You have Reduced Motion enabled on your device. Animations may not appear as expected.. For more information and steps for solving, visit https://motion.dev/troubleshooting/reduced-motion-disabled @ http://localhost:3000/_next/static/chunks/node_modules_next_dist_115brz8._.js:2477
[   17884ms] [ERROR] A tree hydrated but some attributes of the server rendered HTML didn't match the client properties. This won't be patched up. This can happen if a SSR-ed Client Component used:

- A server/client branch `if (typeof window !== 'undefined')`.
- Variable input such as `Date.now()` or `Math.random()` which changes each time it's called.
- Date formatting in a user's locale which doesn't match the server.
- External changing data without sending a snapshot of it along with the HTML.
- Invalid HTML tag nesting.

It can also happen if the client has a browser extension installed which messes with the HTML before React loaded.

%s%s https://react.dev/link/hydration-mismatch 

  ...
    <RedirectErrorBoundary router={{...}}>
      <InnerLayoutRouter url="/favoritos" tree={[...]} params={{}} cacheNode={{rsc:{...}, ...}} segmentPath={[...]} ...>
        <SegmentViewNode type="page" pagePath="(main)/fav...">
          <SegmentTrieNode>
          <FavoritosPage>
            <div className="bg-night m...">
              <PageHero>
                <section className="bg-night p...">
                  <div className="relative o...">
                    <div>
                    <div>
                    <div>
                    <div>
                    <div>
                    <div className="relative m...">
                      <div>
                        <p>
                        <h1 className="font-displ...">
                          <WordsPullUp text="Meus favor...">
                            <div ref={{current:null}} className="inline-fle..." style={undefined}>
                              <motion.span initial={false} animate={{}} transition={{duration:0.6, ...}} ...>
                                <span
                                  className="relative inline-block"
                                  style={{
+                                   marginRight: "0.25em"
-                                   margin-right: "0.25em"
-                                   opacity: "0"
-                                   transform: "translateY(20px)"
                                  }}
                                  ref={function useMotionRef.useCallback}
                                >
+                                 Meus
                              <motion.span initial={false} animate={{}} transition={{duration:0.6, ...}} ...>
                                <span
                                  className="relative inline-block"
                                  style={{
+                                   marginRight: 0
-                                   margin-right: "0px"
-                                   opacity: "0"
-                                   transform: "translateY(20px)"
                                  }}
                                  ref={function useMotionRef.useCallback}
                                >
+                                 favoritos
                        ...
              ...
        ...
      ...
 @ http://localhost:3000/_next/static/chunks/node_modules_next_dist_115brz8._.js:3318
